[fabianahairstyleportimao.pt/blog/index.html]
[backblue.gif]
[fade.gif]
[index.html]
[fabianahairstyleportimao.pt/wp-content/uploads/2026/02/IMG_2084.jpg]
[websaloncdn.b-cdn.net/Logo web salã/Design sem nome (3).16.delayed]
[fabianahairstyleportimao.pt/blog/index.html]
[fabianahairstyleportimao.pt/wp-content/themes/pure-skin/theme-config/assets/css/default-vars.min8a54.css]
[fabianahairstyleportimao.pt/wp-content/themes/pure-skin/style8a54.css]
[fabianahairstyleportimao.pt/wp-content/plugins/elementor/assets/lib/eicons/css/elementor-icons.min7f15.css]
[fabianahairstyleportimao.pt/wp-content/uploads/2026/01/cropped-WhatsApp-Image-2026-01-27-at-12.56.05-180x180.jpg]
[fabianahairstyleportimao.pt/wp-content/uploads/2026/01/cropped-WhatsApp-Image-2026-01-27-at-12.56.05-32x32.jpg]
[fabianahairstyleportimao.pt/wp-content/uploads/2026/01/cropped-WhatsApp-Image-2026-01-27-at-12.56.05-192x192.jpg]
[fabianahairstyleportimao.pt/wp-content/uploads/elementor/css/pure-skin-frontend.min8449.css]
[fabianahairstyleportimao.pt/wp-content/uploads/2026/01/WhatsApp-Image-2026-01-28-at-09.38.27.jpg]
[fabianahairstyleportimao.pt/wp-content/uploads/2026/01/347355743_228116929929331_7999751264782455972_n.jpg]
[fabianahairstyleportimao.pt/wp-content/uploads/2026/01/470167771_18028313288405227_1042718237534056430_n.jpg]
[fabianahairstyleportimao.pt/wp-content/uploads/elementor/css/pure-skin-gutenberg-wp-frontend.min8a54.css]
[fabianahairstyleportimao.pt/wp-content/uploads/2026/01/92811007_1861589647306396_1903022952849342464_n.jpg]
[fabianahairstyleportimao.pt/wp-content/uploads/2026/01/WhatsApp-Image-2026-01-27-at-12.56.05.jpg]
[fabianahairstyleportimao.pt/wp-content/uploads/elementor/css/custom-frontend.min5518.css]
[fabianahairstyleportimao.pt/wp-content/uploads/elementor/css/post-546b5d.css]
[fabianahairstyleportimao.pt/wp-content/plugins/cmsmasters-elementor-addon/assets/lib/cmsicons/css/cmsmasters-icons.min8a54.css]
[fabianahairstyleportimao.pt/wp-content/uploads/elementor/css/cmsmasters-custom-frontend.min5518.css]
[fabianahairstyleportimao.pt/wp-content/uploads/elementor/css/post-36487a33b.css]
[fabianahairstyleportimao.pt/wp-content/uploads/elementor/css/post-201db92.css]
[fabianahairstyleportimao.pt/wp-includes/js/jquery/jquery.minf43b.js]
[fabianahairstyleportimao.pt/wp-includes/js/jquery/jquery-migrate.min5589.js]
[cdnjs.cloudflare.com/ajax/libs/font-awesome/6.4.0/css/all.min.css]
[websaloncdn.b-cdn.net/Logo web salã/Design sem nome (3).html]
[fabianahairstyleportimao.pt/wp-includes/js/imagesloaded.minbb93.js]
[fabianahairstyleportimao.pt/wp-content/themes/pure-skin/assets/js/frontend.min8a54.js]
[fabianahairstyleportimao.pt/wp-content/plugins/elementor/assets/js/webpack.runtime.min6740.js]
[fabianahairstyleportimao.pt/wp-content/plugins/elementor/assets/js/frontend-modules.min6740.js]
[fabianahairstyleportimao.pt/wp-includes/js/jquery/ui/core.minb37e.js]
[fabianahairstyleportimao.pt/wp-content/plugins/elementor/assets/js/frontend.min6740.js]
[fabianahairstyleportimao.pt/wp-content/plugins/cmsmasters-elementor-addon/assets/js/webpack.runtime.min5095.js]
[fabianahairstyleportimao.pt/wp-content/plugins/cmsmasters-elementor-addon/assets/lib/basicScroll/basicScroll.min19ce.js]
[fabianahairstyleportimao.pt/wp-content/plugins/cmsmasters-elementor-addon/assets/lib/vanilla-tilt/vanilla-tilt.min7d4c.js]
[fabianahairstyleportimao.pt/wp-content/plugins/cmsmasters-elementor-addon/assets/lib/anime/anime.mindeae.js]
[fabianahairstyleportimao.pt/wp-content/plugins/cmsmasters-elementor-addon/assets/lib/hc-sticky/hc-sticky.mindbc2.js]
[fabianahairstyleportimao.pt/wp-content/plugins/cmsmasters-elementor-addon/assets/lib/headroom/headroom.mindab2.js]
[fabianahairstyleportimao.pt/wp-content/plugins/cmsmasters-elementor-addon/assets/js/frontend.min5095.js]
[fabianahairstyleportimao.pt/wp-content/plugins/cmsmasters-elementor-addon/assets/lib/perfect-scrollbar/perfect-scrollbar.min2fca.js]
[fabianahairstyleportimao.pt/wp-includes/js/jquery/ui/datepicker.minb37e.js]
[fabianahairstyleportimao.pt/blog/OPR/index.html]
[fabianahairstyleportimao.pt/blog/OPR/index.html]
